Archive member included because of file (symbol)

c:/winavr-20090313/bin/../lib/gcc/avr/4.3.2/avr5\libgcc.a(_divmodhi4.o)
                              ./MCAL/EF_PWM.o (__divmodhi4)
c:/winavr-20090313/bin/../lib/gcc/avr/4.3.2/avr5\libgcc.a(_udivmodsi4.o)
                              ./MCAL/EF_UART.o (__udivmodsi4)
c:/winavr-20090313/bin/../lib/gcc/avr/4.3.2/avr5\libgcc.a(_exit.o)
                              c:/winavr-20090313/bin/../lib/gcc/avr/4.3.2/../../../../avr/lib/avr5/crtm328p.o (exit)
c:/winavr-20090313/bin/../lib/gcc/avr/4.3.2/avr5\libgcc.a(_copy_data.o)
                              ./MCAL/EF_UART.o (__do_copy_data)
c:/winavr-20090313/bin/../lib/gcc/avr/4.3.2/avr5\libgcc.a(_clear_bss.o)
                              ./MCAL/EF_SpechialTIMER.o (__do_clear_bss)
c:/winavr-20090313/bin/../lib/gcc/avr/4.3.2/avr5\libgcc.a(_fixunssfsi.o)
                              ./main.o (__fixunssfsi)
c:/winavr-20090313/bin/../lib/gcc/avr/4.3.2/avr5\libgcc.a(_addsub_sf.o)
                              ./HAL/EF_MPX.o (__subsf3)
c:/winavr-20090313/bin/../lib/gcc/avr/4.3.2/avr5\libgcc.a(_mul_sf.o)
                              ./HAL/EF_MPX.o (__mulsf3)
c:/winavr-20090313/bin/../lib/gcc/avr/4.3.2/avr5\libgcc.a(_div_sf.o)
                              ./HAL/EF_MPX.o (__divsf3)
c:/winavr-20090313/bin/../lib/gcc/avr/4.3.2/avr5\libgcc.a(_gt_sf.o)
                              ./HAL/EF_MPX.o (__gtsf2)
c:/winavr-20090313/bin/../lib/gcc/avr/4.3.2/avr5\libgcc.a(_ge_sf.o)
                              ./main.o (__gesf2)
c:/winavr-20090313/bin/../lib/gcc/avr/4.3.2/avr5\libgcc.a(_lt_sf.o)
                              ./main.o (__ltsf2)
c:/winavr-20090313/bin/../lib/gcc/avr/4.3.2/avr5\libgcc.a(_sf_to_si.o)
                              c:/winavr-20090313/bin/../lib/gcc/avr/4.3.2/avr5\libgcc.a(_fixunssfsi.o) (__fixsfsi)
c:/winavr-20090313/bin/../lib/gcc/avr/4.3.2/avr5\libgcc.a(_thenan_sf.o)
                              c:/winavr-20090313/bin/../lib/gcc/avr/4.3.2/avr5\libgcc.a(_addsub_sf.o) (__thenan_sf)
c:/winavr-20090313/bin/../lib/gcc/avr/4.3.2/avr5\libgcc.a(_usi_to_sf.o)
                              ./HAL/EF_MPX.o (__floatunsisf)
c:/winavr-20090313/bin/../lib/gcc/avr/4.3.2/avr5\libgcc.a(_udivmodhi4.o)
                              c:/winavr-20090313/bin/../lib/gcc/avr/4.3.2/avr5\libgcc.a(_divmodhi4.o) (__udivmodhi4)
c:/winavr-20090313/bin/../lib/gcc/avr/4.3.2/avr5\libgcc.a(_prologue.o)
                              c:/winavr-20090313/bin/../lib/gcc/avr/4.3.2/avr5\libgcc.a(_addsub_sf.o) (__prologue_saves__)
c:/winavr-20090313/bin/../lib/gcc/avr/4.3.2/avr5\libgcc.a(_epilogue.o)
                              c:/winavr-20090313/bin/../lib/gcc/avr/4.3.2/avr5\libgcc.a(_addsub_sf.o) (__epilogue_restores__)
c:/winavr-20090313/bin/../lib/gcc/avr/4.3.2/avr5\libgcc.a(_clzsi2.o)
                              c:/winavr-20090313/bin/../lib/gcc/avr/4.3.2/avr5\libgcc.a(_usi_to_sf.o) (__clzsi2)
c:/winavr-20090313/bin/../lib/gcc/avr/4.3.2/avr5\libgcc.a(_pack_sf.o)
                              c:/winavr-20090313/bin/../lib/gcc/avr/4.3.2/avr5\libgcc.a(_addsub_sf.o) (__pack_f)
c:/winavr-20090313/bin/../lib/gcc/avr/4.3.2/avr5\libgcc.a(_unpack_sf.o)
                              c:/winavr-20090313/bin/../lib/gcc/avr/4.3.2/avr5\libgcc.a(_addsub_sf.o) (__unpack_f)
c:/winavr-20090313/bin/../lib/gcc/avr/4.3.2/avr5\libgcc.a(_fpcmp_parts_sf.o)
                              c:/winavr-20090313/bin/../lib/gcc/avr/4.3.2/avr5\libgcc.a(_gt_sf.o) (__fpcmp_parts_f)
c:/winavr-20090313/bin/../lib/gcc/avr/4.3.2/avr5\libgcc.a(_clz.o)
                              c:/winavr-20090313/bin/../lib/gcc/avr/4.3.2/avr5\libgcc.a(_clzsi2.o) (__clz_tab)
c:/winavr-20090313/bin/../lib/gcc/avr/4.3.2/../../../../avr/lib/avr5\libc.a(itoa.o)
                              ./MCAL/EF_UART.o (itoa)
c:/winavr-20090313/bin/../lib/gcc/avr/4.3.2/../../../../avr/lib/avr5\libc.a(strrev.o)
                              c:/winavr-20090313/bin/../lib/gcc/avr/4.3.2/../../../../avr/lib/avr5\libc.a(itoa.o) (strrev)

Allocating common symbols
Common symbol       size              file

TypeMPX_AdcEnums    0x1               ./HAL/EF_MPX.o

Memory Configuration

Name             Origin             Length             Attributes
text             0x00000000         0x00020000         xr
data             0x00800060         0x0000ffa0         rw !x
eeprom           0x00810000         0x00010000         rw !x
fuse             0x00820000         0x00000400         rw !x
lock             0x00830000         0x00000400         rw !x
signature        0x00840000         0x00000400         rw !x
*default*        0x00000000         0xffffffff

Linker script and memory map

Address of section .data set to 0x800100
LOAD c:/winavr-20090313/bin/../lib/gcc/avr/4.3.2/../../../../avr/lib/avr5/crtm328p.o
LOAD ./MCAL/EF_ADC.o
LOAD ./MCAL/EF_DIO.o
LOAD ./MCAL/EF_PWM.o
LOAD ./MCAL/EF_SpechialTIMER.o
LOAD ./MCAL/EF_Timer.o
LOAD ./MCAL/EF_UART.o
LOAD ./HAL/EF_MPX.o
LOAD ./main.o
LOAD c:/winavr-20090313/bin/../lib/gcc/avr/4.3.2/avr5\libgcc.a
LOAD c:/winavr-20090313/bin/../lib/gcc/avr/4.3.2/../../../../avr/lib/avr5\libc.a
LOAD c:/winavr-20090313/bin/../lib/gcc/avr/4.3.2/avr5\libgcc.a

.hash
 *(.hash)

.dynsym
 *(.dynsym)

.dynstr
 *(.dynstr)

.gnu.version
 *(.gnu.version)

.gnu.version_d
 *(.gnu.version_d)

.gnu.version_r
 *(.gnu.version_r)

.rel.init
 *(.rel.init)

.rela.init
 *(.rela.init)

.rel.text
 *(.rel.text)
 *(.rel.text.*)
 *(.rel.gnu.linkonce.t*)

.rela.text
 *(.rela.text)
 *(.rela.text.*)
 *(.rela.gnu.linkonce.t*)

.rel.fini
 *(.rel.fini)

.rela.fini
 *(.rela.fini)

.rel.rodata
 *(.rel.rodata)
 *(.rel.rodata.*)
 *(.rel.gnu.linkonce.r*)

.rela.rodata
 *(.rela.rodata)
 *(.rela.rodata.*)
 *(.rela.gnu.linkonce.r*)

.rel.data
 *(.rel.data)
 *(.rel.data.*)
 *(.rel.gnu.linkonce.d*)

.rela.data
 *(.rela.data)
 *(.rela.data.*)
 *(.rela.gnu.linkonce.d*)

.rel.ctors
 *(.rel.ctors)

.rela.ctors
 *(.rela.ctors)

.rel.dtors
 *(.rel.dtors)

.rela.dtors
 *(.rela.dtors)

.rel.got
 *(.rel.got)

.rela.got
 *(.rela.got)

.rel.bss
 *(.rel.bss)

.rela.bss
 *(.rela.bss)

.rel.plt
 *(.rel.plt)

.rela.plt
 *(.rela.plt)

.text           0x00000000     0x1a6a
 *(.vectors)
 .vectors       0x00000000       0x68 c:/winavr-20090313/bin/../lib/gcc/avr/4.3.2/../../../../avr/lib/avr5/crtm328p.o
                0x00000000                __vectors
                0x00000000                __vector_default
 *(.vectors)
 *(.progmem.gcc*)
 *(.progmem*)
                0x00000068                . = ALIGN (0x2)
                0x00000068                __trampolines_start = .
 *(.trampolines)
 .trampolines   0x00000068        0x0 linker stubs
 *(.trampolines*)
                0x00000068                __trampolines_end = .
 *(.jumptables)
 *(.jumptables*)
 *(.lowtext)
 *(.lowtext*)
                0x00000068                __ctors_start = .
 *(.ctors)
                0x00000068                __ctors_end = .
                0x00000068                __dtors_start = .
 *(.dtors)
                0x00000068                __dtors_end = .
 SORT(*)(.ctors)
 SORT(*)(.dtors)
 *(.init0)
 .init0         0x00000068        0x0 c:/winavr-20090313/bin/../lib/gcc/avr/4.3.2/../../../../avr/lib/avr5/crtm328p.o
                0x00000068                __init
 *(.init0)
 *(.init1)
 *(.init1)
 *(.init2)
 .init2         0x00000068        0xc c:/winavr-20090313/bin/../lib/gcc/avr/4.3.2/../../../../avr/lib/avr5/crtm328p.o
 *(.init2)
 *(.init3)
 *(.init3)
 *(.init4)
 .init4         0x00000074       0x16 c:/winavr-20090313/bin/../lib/gcc/avr/4.3.2/avr5\libgcc.a(_copy_data.o)
                0x00000074                __do_copy_data
 .init4         0x0000008a       0x10 c:/winavr-20090313/bin/../lib/gcc/avr/4.3.2/avr5\libgcc.a(_clear_bss.o)
                0x0000008a                __do_clear_bss
 *(.init4)
 *(.init5)
 *(.init5)
 *(.init6)
 *(.init6)
 *(.init7)
 *(.init7)
 *(.init8)
 *(.init8)
 *(.init9)
 .init9         0x0000009a        0x8 c:/winavr-20090313/bin/../lib/gcc/avr/4.3.2/../../../../avr/lib/avr5/crtm328p.o
 *(.init9)
 *(.text)
 .text          0x000000a2        0x4 c:/winavr-20090313/bin/../lib/gcc/avr/4.3.2/../../../../avr/lib/avr5/crtm328p.o
                0x000000a2                __vector_22
                0x000000a2                __vector_1
                0x000000a2                __vector_24
                0x000000a2                __vector_12
                0x000000a2                __bad_interrupt
                0x000000a2                __vector_6
                0x000000a2                __vector_3
                0x000000a2                __vector_23
                0x000000a2                __vector_25
                0x000000a2                __vector_11
                0x000000a2                __vector_13
                0x000000a2                __vector_17
                0x000000a2                __vector_19
                0x000000a2                __vector_7
                0x000000a2                __vector_5
                0x000000a2                __vector_4
                0x000000a2                __vector_2
                0x000000a2                __vector_21
                0x000000a2                __vector_15
                0x000000a2                __vector_8
                0x000000a2                __vector_14
                0x000000a2                __vector_10
                0x000000a2                __vector_16
                0x000000a2                __vector_18
                0x000000a2                __vector_20
 .text          0x000000a6        0x0 ./MCAL/EF_ADC.o
 .text          0x000000a6        0x0 ./MCAL/EF_DIO.o
 .text          0x000000a6        0x0 ./MCAL/EF_PWM.o
 .text          0x000000a6        0x0 ./MCAL/EF_SpechialTIMER.o
 .text          0x000000a6        0x0 ./MCAL/EF_Timer.o
 .text          0x000000a6        0x0 ./MCAL/EF_UART.o
 .text          0x000000a6        0x0 ./HAL/EF_MPX.o
 .text          0x000000a6        0x0 ./main.o
 .text          0x000000a6        0x0 c:/winavr-20090313/bin/../lib/gcc/avr/4.3.2/avr5\libgcc.a(_divmodhi4.o)
 .text          0x000000a6        0x0 c:/winavr-20090313/bin/../lib/gcc/avr/4.3.2/avr5\libgcc.a(_udivmodsi4.o)
 .text          0x000000a6        0x0 c:/winavr-20090313/bin/../lib/gcc/avr/4.3.2/avr5\libgcc.a(_exit.o)
 .text          0x000000a6        0x0 c:/winavr-20090313/bin/../lib/gcc/avr/4.3.2/avr5\libgcc.a(_copy_data.o)
 .text          0x000000a6        0x0 c:/winavr-20090313/bin/../lib/gcc/avr/4.3.2/avr5\libgcc.a(_clear_bss.o)
 .text          0x000000a6       0x58 c:/winavr-20090313/bin/../lib/gcc/avr/4.3.2/avr5\libgcc.a(_fixunssfsi.o)
                0x000000a6                __fixunssfsi
 .text          0x000000fe      0x354 c:/winavr-20090313/bin/../lib/gcc/avr/4.3.2/avr5\libgcc.a(_addsub_sf.o)
                0x00000396                __subsf3
                0x000003f8                __addsf3
 .text          0x00000452      0x1f4 c:/winavr-20090313/bin/../lib/gcc/avr/4.3.2/avr5\libgcc.a(_mul_sf.o)
                0x00000452                __mulsf3
 .text          0x00000646      0x158 c:/winavr-20090313/bin/../lib/gcc/avr/4.3.2/avr5\libgcc.a(_div_sf.o)
                0x00000646                __divsf3
 .text          0x0000079e       0x60 c:/winavr-20090313/bin/../lib/gcc/avr/4.3.2/avr5\libgcc.a(_gt_sf.o)
                0x0000079e                __gtsf2
 .text          0x000007fe       0x60 c:/winavr-20090313/bin/../lib/gcc/avr/4.3.2/avr5\libgcc.a(_ge_sf.o)
                0x000007fe                __gesf2
 .text          0x0000085e       0x60 c:/winavr-20090313/bin/../lib/gcc/avr/4.3.2/avr5\libgcc.a(_lt_sf.o)
                0x0000085e                __ltsf2
 .text          0x000008be       0xa8 c:/winavr-20090313/bin/../lib/gcc/avr/4.3.2/avr5\libgcc.a(_sf_to_si.o)
                0x000008be                __fixsfsi
 .text          0x00000966        0x0 c:/winavr-20090313/bin/../lib/gcc/avr/4.3.2/avr5\libgcc.a(_thenan_sf.o)
 .text          0x00000966       0xf2 c:/winavr-20090313/bin/../lib/gcc/avr/4.3.2/avr5\libgcc.a(_usi_to_sf.o)
                0x00000966                __floatunsisf
 .text          0x00000a58        0x0 c:/winavr-20090313/bin/../lib/gcc/avr/4.3.2/avr5\libgcc.a(_udivmodhi4.o)
 .text          0x00000a58        0x0 c:/winavr-20090313/bin/../lib/gcc/avr/4.3.2/avr5\libgcc.a(_prologue.o)
 .text          0x00000a58        0x0 c:/winavr-20090313/bin/../lib/gcc/avr/4.3.2/avr5\libgcc.a(_epilogue.o)
 .text          0x00000a58       0x9e c:/winavr-20090313/bin/../lib/gcc/avr/4.3.2/avr5\libgcc.a(_clzsi2.o)
                0x00000a58                __clzsi2
 .text          0x00000af6      0x1aa c:/winavr-20090313/bin/../lib/gcc/avr/4.3.2/avr5\libgcc.a(_pack_sf.o)
                0x00000af6                __pack_f
 .text          0x00000ca0       0xf0 c:/winavr-20090313/bin/../lib/gcc/avr/4.3.2/avr5\libgcc.a(_unpack_sf.o)
                0x00000ca0                __unpack_f
 .text          0x00000d90       0xb2 c:/winavr-20090313/bin/../lib/gcc/avr/4.3.2/avr5\libgcc.a(_fpcmp_parts_sf.o)
                0x00000d90                __fpcmp_parts_f
 .text          0x00000e42        0x0 c:/winavr-20090313/bin/../lib/gcc/avr/4.3.2/avr5\libgcc.a(_clz.o)
 .text          0x00000e42       0x42 c:/winavr-20090313/bin/../lib/gcc/avr/4.3.2/../../../../avr/lib/avr5\libc.a(itoa.o)
                0x00000e42                itoa
 .text          0x00000e84       0x20 c:/winavr-20090313/bin/../lib/gcc/avr/4.3.2/../../../../avr/lib/avr5\libc.a(strrev.o)
                0x00000e84                strrev
                0x00000ea4                . = ALIGN (0x2)
 *(.text.*)
 .text.EF_u16_ADC_read
                0x00000ea4       0x48 ./MCAL/EF_ADC.o
                0x00000ea4                EF_u16_ADC_read
 .text.EF_void_ADC_init
                0x00000eec       0x1a ./MCAL/EF_ADC.o
                0x00000eec                EF_void_ADC_init
 .text.EF_S8_DIO_InitPort
                0x00000f06       0x32 ./MCAL/EF_DIO.o
                0x00000f06                EF_S8_DIO_InitPort
 .text.EF_S8_DIO_WritePort
                0x00000f38       0x32 ./MCAL/EF_DIO.o
                0x00000f38                EF_S8_DIO_WritePort
 .text.EF_S16_DIO_ReadPort
                0x00000f6a       0x44 ./MCAL/EF_DIO.o
                0x00000f6a                EF_S16_DIO_ReadPort
 .text.EF_B_DIO_InitPin
                0x00000fae       0xd6 ./MCAL/EF_DIO.o
                0x00000fae                EF_B_DIO_InitPin
 .text.EF_S8_DIO_SetPin
                0x00001084       0x6a ./MCAL/EF_DIO.o
                0x00001084                EF_S8_DIO_SetPin
 .text.EF_S8_DIO_ClearPin
                0x000010ee       0x70 ./MCAL/EF_DIO.o
                0x000010ee                EF_S8_DIO_ClearPin
 .text.EF_S8_DIO_SetPort
                0x0000115e       0x38 ./MCAL/EF_DIO.o
                0x0000115e                EF_S8_DIO_SetPort
 .text.EF_S8_DIO_ClearPort
                0x00001196       0x32 ./MCAL/EF_DIO.o
                0x00001196                EF_S8_DIO_ClearPort
 .text.EF_S8_DIO_TogglePin
                0x000011c8       0x6a ./MCAL/EF_DIO.o
                0x000011c8                EF_S8_DIO_TogglePin
 .text.EF_S8_DIO_CheckPin
                0x00001232       0x52 ./MCAL/EF_DIO.o
                0x00001232                EF_S8_DIO_CheckPin
 .text.EF_void_PWM_init
                0x00001284       0x14 ./MCAL/EF_PWM.o
                0x00001284                EF_void_PWM_init
 .text.EF_void_PWM_SetDutyValue
                0x00001298        0x8 ./MCAL/EF_PWM.o
                0x00001298                EF_void_PWM_SetDutyValue
 .text.EF_void_PWM_SetDutyCycle
                0x000012a0       0x1a ./MCAL/EF_PWM.o
                0x000012a0                EF_void_PWM_SetDutyCycle
 .text.EF_void_TimerISRCallback
                0x000012ba       0x46 ./MCAL/EF_SpechialTIMER.o
 .text.EF_void_TimerDelete
                0x00001300       0x22 ./MCAL/EF_SpechialTIMER.o
                0x00001300                EF_void_TimerDelete
 .text.EF_void_TimerCreate
                0x00001322       0x2a ./MCAL/EF_SpechialTIMER.o
                0x00001322                EF_void_TimerCreate
 .text.EF_void_TimersUpdate
                0x0000134c       0x46 ./MCAL/EF_SpechialTIMER.o
                0x0000134c                EF_void_TimersUpdate
 .text.EF_BOOLEAN_TimerCheck
                0x00001392       0x20 ./MCAL/EF_SpechialTIMER.o
                0x00001392                EF_BOOLEAN_TimerCheck
 .text.EF_void_TimerStart
                0x000013b2       0x22 ./MCAL/EF_SpechialTIMER.o
                0x000013b2                EF_void_TimerStart
 .text.EF_void_TimerStop
                0x000013d4       0x18 ./MCAL/EF_SpechialTIMER.o
                0x000013d4                EF_void_TimerStop
 .text.EF_void_TimerReset
                0x000013ec       0x1a ./MCAL/EF_SpechialTIMER.o
                0x000013ec                EF_void_TimerReset
 .text.EF_void_TimerInit
                0x00001406       0x38 ./MCAL/EF_SpechialTIMER.o
                0x00001406                EF_void_TimerInit
 .text.EF_void_Timer_PORTinit
                0x0000143e       0x20 ./MCAL/EF_Timer.o
                0x0000143e                EF_void_Timer_PORTinit
 .text.EF_void_Timer_SetISRCallBack
                0x0000145e        0xa ./MCAL/EF_Timer.o
                0x0000145e                EF_void_Timer_SetISRCallBack
 .text.EF_void_Timer_RemoveTimerISRCallBack
                0x00001468        0xa ./MCAL/EF_Timer.o
                0x00001468                EF_void_Timer_RemoveTimerISRCallBack
 .text.__vector_9
                0x00001472       0x5a ./MCAL/EF_Timer.o
                0x00001472                __vector_9
 .text.EF_u8_UART_WaitChar
                0x000014cc        0xe ./MCAL/EF_UART.o
                0x000014cc                EF_u8_UART_WaitChar
 .text.EF_void_UART_PutChar
                0x000014da       0x10 ./MCAL/EF_UART.o
                0x000014da                EF_void_UART_PutChar
 .text.EF_void_UART_SendArray
                0x000014ea       0x1e ./MCAL/EF_UART.o
                0x000014ea                EF_void_UART_SendArray
 .text.EF_void_UART_Send_data_PBM
                0x00001508       0x80 ./MCAL/EF_UART.o
                0x00001508                EF_void_UART_Send_data_PBM
 .text.EF_void_UART_Send_Integer
                0x00001588       0x62 ./MCAL/EF_UART.o
                0x00001588                EF_void_UART_Send_Integer
 .text.EF_BOOLEAN_UART_PutChar
                0x000015ea       0x3e ./MCAL/EF_UART.o
                0x000015ea                EF_BOOLEAN_UART_PutChar
 .text.EF_BOOLEAN_UART_GetChar
                0x00001628       0x40 ./MCAL/EF_UART.o
                0x00001628                EF_BOOLEAN_UART_GetChar
 .text.EF_void_UART_Init
                0x00001668       0xf2 ./MCAL/EF_UART.o
                0x00001668                EF_void_UART_Init
 .text.EF_void_MPX_init
                0x0000175a        0x6 ./HAL/EF_MPX.o
                0x0000175a                EF_void_MPX_init
 .text.EF_float_MPX_GetPressure_mmHg
                0x00001760       0xae ./HAL/EF_MPX.o
                0x00001760                EF_float_MPX_GetPressure_mmHg
 .text.main     0x0000180e      0x158 ./main.o
                0x0000180e                main
 .text.libgcc   0x00001966       0x26 c:/winavr-20090313/bin/../lib/gcc/avr/4.3.2/avr5\libgcc.a(_divmodhi4.o)
                0x00001966                __divmodhi4
                0x00001966                _div
 .text.libgcc   0x0000198c       0x44 c:/winavr-20090313/bin/../lib/gcc/avr/4.3.2/avr5\libgcc.a(_udivmodsi4.o)
                0x0000198c                __udivmodsi4
 .text.libgcc   0x000019d0        0x0 c:/winavr-20090313/bin/../lib/gcc/avr/4.3.2/avr5\libgcc.a(_exit.o)
 .text.libgcc   0x000019d0        0x0 c:/winavr-20090313/bin/../lib/gcc/avr/4.3.2/avr5\libgcc.a(_copy_data.o)
 .text.libgcc   0x000019d0        0x0 c:/winavr-20090313/bin/../lib/gcc/avr/4.3.2/avr5\libgcc.a(_clear_bss.o)
 .text.libgcc   0x000019d0       0x28 c:/winavr-20090313/bin/../lib/gcc/avr/4.3.2/avr5\libgcc.a(_udivmodhi4.o)
                0x000019d0                __udivmodhi4
 .text.libgcc   0x000019f8       0x38 c:/winavr-20090313/bin/../lib/gcc/avr/4.3.2/avr5\libgcc.a(_prologue.o)
                0x000019f8                __prologue_saves__
 .text.libgcc   0x00001a30       0x36 c:/winavr-20090313/bin/../lib/gcc/avr/4.3.2/avr5\libgcc.a(_epilogue.o)
                0x00001a30                __epilogue_restores__
                0x00001a66                . = ALIGN (0x2)
 *(.fini9)
 .fini9         0x00001a66        0x0 c:/winavr-20090313/bin/../lib/gcc/avr/4.3.2/avr5\libgcc.a(_exit.o)
                0x00001a66                exit
                0x00001a66                _exit
 *(.fini9)
 *(.fini8)
 *(.fini8)
 *(.fini7)
 *(.fini7)
 *(.fini6)
 *(.fini6)
 *(.fini5)
 *(.fini5)
 *(.fini4)
 *(.fini4)
 *(.fini3)
 *(.fini3)
 *(.fini2)
 *(.fini2)
 *(.fini1)
 *(.fini1)
 *(.fini0)
 .fini0         0x00001a66        0x4 c:/winavr-20090313/bin/../lib/gcc/avr/4.3.2/avr5\libgcc.a(_exit.o)
 *(.fini0)
                0x00001a6a                _etext = .

.data           0x00800100      0x14a load address 0x00001a6a
                0x00800100                PROVIDE (__data_start, .)
 *(.data)
 .data          0x00800100        0x0 c:/winavr-20090313/bin/../lib/gcc/avr/4.3.2/../../../../avr/lib/avr5/crtm328p.o
 .data          0x00800100        0x0 ./MCAL/EF_ADC.o
 .data          0x00800100        0x0 ./MCAL/EF_DIO.o
 .data          0x00800100        0x0 ./MCAL/EF_PWM.o
 .data          0x00800100        0x0 ./MCAL/EF_SpechialTIMER.o
 .data          0x00800100        0x0 ./MCAL/EF_Timer.o
 .data          0x00800100       0x11 ./MCAL/EF_UART.o
 .data          0x00800111        0x0 ./HAL/EF_MPX.o
 .data          0x00800111       0x1a ./main.o
 .data          0x0080012b        0x0 c:/winavr-20090313/bin/../lib/gcc/avr/4.3.2/avr5\libgcc.a(_divmodhi4.o)
 .data          0x0080012b        0x0 c:/winavr-20090313/bin/../lib/gcc/avr/4.3.2/avr5\libgcc.a(_udivmodsi4.o)
 .data          0x0080012b        0x0 c:/winavr-20090313/bin/../lib/gcc/avr/4.3.2/avr5\libgcc.a(_exit.o)
 .data          0x0080012b        0x0 c:/winavr-20090313/bin/../lib/gcc/avr/4.3.2/avr5\libgcc.a(_copy_data.o)
 .data          0x0080012b        0x0 c:/winavr-20090313/bin/../lib/gcc/avr/4.3.2/avr5\libgcc.a(_clear_bss.o)
 .data          0x0080012b        0x0 c:/winavr-20090313/bin/../lib/gcc/avr/4.3.2/avr5\libgcc.a(_fixunssfsi.o)
 .data          0x0080012b        0x0 c:/winavr-20090313/bin/../lib/gcc/avr/4.3.2/avr5\libgcc.a(_addsub_sf.o)
 .data          0x0080012b        0x0 c:/winavr-20090313/bin/../lib/gcc/avr/4.3.2/avr5\libgcc.a(_mul_sf.o)
 .data          0x0080012b        0x0 c:/winavr-20090313/bin/../lib/gcc/avr/4.3.2/avr5\libgcc.a(_div_sf.o)
 .data          0x0080012b        0x0 c:/winavr-20090313/bin/../lib/gcc/avr/4.3.2/avr5\libgcc.a(_gt_sf.o)
 .data          0x0080012b        0x0 c:/winavr-20090313/bin/../lib/gcc/avr/4.3.2/avr5\libgcc.a(_ge_sf.o)
 .data          0x0080012b        0x0 c:/winavr-20090313/bin/../lib/gcc/avr/4.3.2/avr5\libgcc.a(_lt_sf.o)
 .data          0x0080012b        0x0 c:/winavr-20090313/bin/../lib/gcc/avr/4.3.2/avr5\libgcc.a(_sf_to_si.o)
 .data          0x0080012b        0x8 c:/winavr-20090313/bin/../lib/gcc/avr/4.3.2/avr5\libgcc.a(_thenan_sf.o)
                0x0080012b                __thenan_sf
 .data          0x00800133        0x0 c:/winavr-20090313/bin/../lib/gcc/avr/4.3.2/avr5\libgcc.a(_usi_to_sf.o)
 .data          0x00800133        0x0 c:/winavr-20090313/bin/../lib/gcc/avr/4.3.2/avr5\libgcc.a(_udivmodhi4.o)
 .data          0x00800133        0x0 c:/winavr-20090313/bin/../lib/gcc/avr/4.3.2/avr5\libgcc.a(_prologue.o)
 .data          0x00800133        0x0 c:/winavr-20090313/bin/../lib/gcc/avr/4.3.2/avr5\libgcc.a(_epilogue.o)
 .data          0x00800133        0x0 c:/winavr-20090313/bin/../lib/gcc/avr/4.3.2/avr5\libgcc.a(_clzsi2.o)
 .data          0x00800133        0x0 c:/winavr-20090313/bin/../lib/gcc/avr/4.3.2/avr5\libgcc.a(_pack_sf.o)
 .data          0x00800133        0x0 c:/winavr-20090313/bin/../lib/gcc/avr/4.3.2/avr5\libgcc.a(_unpack_sf.o)
 .data          0x00800133        0x0 c:/winavr-20090313/bin/../lib/gcc/avr/4.3.2/avr5\libgcc.a(_fpcmp_parts_sf.o)
 .data          0x00800133      0x100 c:/winavr-20090313/bin/../lib/gcc/avr/4.3.2/avr5\libgcc.a(_clz.o)
                0x00800133                __clz_tab
 .data          0x00800233        0x0 c:/winavr-20090313/bin/../lib/gcc/avr/4.3.2/../../../../avr/lib/avr5\libc.a(itoa.o)
 .data          0x00800233        0x0 c:/winavr-20090313/bin/../lib/gcc/avr/4.3.2/../../../../avr/lib/avr5\libc.a(strrev.o)
 *(.data*)
 .data.uart_cfg.1597
                0x00800233        0xb ./main.o
 *(.rodata)
 *(.rodata*)
 .rodata.uart_reg
                0x0080023e        0xc ./MCAL/EF_UART.o
                0x0080023e                uart_reg
 *(.gnu.linkonce.d*)
                0x0080024a                . = ALIGN (0x2)
                0x0080024a                _edata = .
                0x0080024a                PROVIDE (__data_end, .)

.bss            0x0080024a       0x3f
                0x0080024a                PROVIDE (__bss_start, .)
 *(.bss)
 .bss           0x0080024a        0x0 c:/winavr-20090313/bin/../lib/gcc/avr/4.3.2/../../../../avr/lib/avr5/crtm328p.o
 .bss           0x0080024a        0x0 ./MCAL/EF_ADC.o
 .bss           0x0080024a        0x0 ./MCAL/EF_DIO.o
 .bss           0x0080024a        0x0 ./MCAL/EF_PWM.o
 .bss           0x0080024a        0x0 ./MCAL/EF_SpechialTIMER.o
 .bss           0x0080024a        0x0 ./MCAL/EF_Timer.o
 .bss           0x0080024a        0x0 ./MCAL/EF_UART.o
 .bss           0x0080024a        0x0 ./HAL/EF_MPX.o
 .bss           0x0080024a        0x0 ./main.o
 .bss           0x0080024a        0x0 c:/winavr-20090313/bin/../lib/gcc/avr/4.3.2/avr5\libgcc.a(_divmodhi4.o)
 .bss           0x0080024a        0x0 c:/winavr-20090313/bin/../lib/gcc/avr/4.3.2/avr5\libgcc.a(_udivmodsi4.o)
 .bss           0x0080024a        0x0 c:/winavr-20090313/bin/../lib/gcc/avr/4.3.2/avr5\libgcc.a(_exit.o)
 .bss           0x0080024a        0x0 c:/winavr-20090313/bin/../lib/gcc/avr/4.3.2/avr5\libgcc.a(_copy_data.o)
 .bss           0x0080024a        0x0 c:/winavr-20090313/bin/../lib/gcc/avr/4.3.2/avr5\libgcc.a(_clear_bss.o)
 .bss           0x0080024a        0x0 c:/winavr-20090313/bin/../lib/gcc/avr/4.3.2/avr5\libgcc.a(_fixunssfsi.o)
 .bss           0x0080024a        0x0 c:/winavr-20090313/bin/../lib/gcc/avr/4.3.2/avr5\libgcc.a(_addsub_sf.o)
 .bss           0x0080024a        0x0 c:/winavr-20090313/bin/../lib/gcc/avr/4.3.2/avr5\libgcc.a(_mul_sf.o)
 .bss           0x0080024a        0x0 c:/winavr-20090313/bin/../lib/gcc/avr/4.3.2/avr5\libgcc.a(_div_sf.o)
 .bss           0x0080024a        0x0 c:/winavr-20090313/bin/../lib/gcc/avr/4.3.2/avr5\libgcc.a(_gt_sf.o)
 .bss           0x0080024a        0x0 c:/winavr-20090313/bin/../lib/gcc/avr/4.3.2/avr5\libgcc.a(_ge_sf.o)
 .bss           0x0080024a        0x0 c:/winavr-20090313/bin/../lib/gcc/avr/4.3.2/avr5\libgcc.a(_lt_sf.o)
 .bss           0x0080024a        0x0 c:/winavr-20090313/bin/../lib/gcc/avr/4.3.2/avr5\libgcc.a(_sf_to_si.o)
 .bss           0x0080024a        0x0 c:/winavr-20090313/bin/../lib/gcc/avr/4.3.2/avr5\libgcc.a(_thenan_sf.o)
 .bss           0x0080024a        0x0 c:/winavr-20090313/bin/../lib/gcc/avr/4.3.2/avr5\libgcc.a(_usi_to_sf.o)
 .bss           0x0080024a        0x0 c:/winavr-20090313/bin/../lib/gcc/avr/4.3.2/avr5\libgcc.a(_udivmodhi4.o)
 .bss           0x0080024a        0x0 c:/winavr-20090313/bin/../lib/gcc/avr/4.3.2/avr5\libgcc.a(_prologue.o)
 .bss           0x0080024a        0x0 c:/winavr-20090313/bin/../lib/gcc/avr/4.3.2/avr5\libgcc.a(_epilogue.o)
 .bss           0x0080024a        0x0 c:/winavr-20090313/bin/../lib/gcc/avr/4.3.2/avr5\libgcc.a(_clzsi2.o)
 .bss           0x0080024a        0x0 c:/winavr-20090313/bin/../lib/gcc/avr/4.3.2/avr5\libgcc.a(_pack_sf.o)
 .bss           0x0080024a        0x0 c:/winavr-20090313/bin/../lib/gcc/avr/4.3.2/avr5\libgcc.a(_unpack_sf.o)
 .bss           0x0080024a        0x0 c:/winavr-20090313/bin/../lib/gcc/avr/4.3.2/avr5\libgcc.a(_fpcmp_parts_sf.o)
 .bss           0x0080024a        0x0 c:/winavr-20090313/bin/../lib/gcc/avr/4.3.2/avr5\libgcc.a(_clz.o)
 .bss           0x0080024a        0x0 c:/winavr-20090313/bin/../lib/gcc/avr/4.3.2/../../../../avr/lib/avr5\libc.a(itoa.o)
 .bss           0x0080024a        0x0 c:/winavr-20090313/bin/../lib/gcc/avr/4.3.2/../../../../avr/lib/avr5\libc.a(strrev.o)
 *(.bss*)
 .bss.timers_list
                0x0080024a       0x3c ./MCAL/EF_SpechialTIMER.o
 .bss.voidFuncPtr
                0x00800286        0x2 ./MCAL/EF_Timer.o
 *(COMMON)
 COMMON         0x00800288        0x1 ./HAL/EF_MPX.o
                0x00800288                TypeMPX_AdcEnums
                0x00800289                PROVIDE (__bss_end, .)
                0x00001a6a                __data_load_start = LOADADDR (.data)
                0x00001bb4                __data_load_end = (__data_load_start + SIZEOF (.data))

.noinit         0x00800289        0x0
                0x00800289                PROVIDE (__noinit_start, .)
 *(.noinit*)
                0x00800289                PROVIDE (__noinit_end, .)
                0x00800289                _end = .
                0x00800289                PROVIDE (__heap_start, .)

.eeprom         0x00810000        0x0
 *(.eeprom*)
                0x00810000                __eeprom_end = .

.fuse
 *(.fuse)
 *(.lfuse)
 *(.hfuse)
 *(.efuse)

.lock
 *(.lock*)

.signature
 *(.signature*)

.stab
 *(.stab)

.stabstr
 *(.stabstr)

.stab.excl
 *(.stab.excl)

.stab.exclstr
 *(.stab.exclstr)

.stab.index
 *(.stab.index)

.stab.indexstr
 *(.stab.indexstr)

.comment
 *(.comment)

.debug
 *(.debug)

.line
 *(.line)

.debug_srcinfo
 *(.debug_srcinfo)

.debug_sfnames
 *(.debug_sfnames)

.debug_aranges
 *(.debug_aranges)

.debug_pubnames
 *(.debug_pubnames)

.debug_info
 *(.debug_info)
 *(.gnu.linkonce.wi.*)

.debug_abbrev
 *(.debug_abbrev)

.debug_line
 *(.debug_line)

.debug_frame
 *(.debug_frame)

.debug_str
 *(.debug_str)

.debug_loc
 *(.debug_loc)

.debug_macinfo
 *(.debug_macinfo)
OUTPUT(Sergutic_Pump.elf elf32-avr)
LOAD linker stubs
